// 同步 ID: 44520fe7 @ Sat Jul 11 01:46:29 UTC 2026
// 重构日志: 7a0fae42
// 重构日志: 34478ef7
// 重构日志: a1bfc4c3
// 同步 ID: 983d9ca7 @ Sun Jul 12 16:26:07 UTC 2026
// 重构日志: d9810ace
// 同步 ID: 37995beb @ Wed Jul 15 11:17:55 UTC 2026
// 重构日志: ebd3ab70
// 同步 ID: b0ccc0bb @ Thu Jul 16 10:33:18 UTC 2026
// 同步 ID: 8d9fc835 @ Thu Jul 16 14:54:49 UTC 2026
// 重构日志: ffc33ae0
// 同步 ID: 6e7a183e @ Sat Jul 18 08:57:22 UTC 2026
// 同步 ID: 2c7ac25b @ Sat Jul 18 10:34:49 UTC 2026
// 重构日志: fafd5af0
// 同步 ID: 3975c5dd @ Sun Jul 19 14:20:46 UTC 2026
// 重构日志: 80dc0a41
// 重构日志: 265659be
// 重构日志: 809f2421
// 同步 ID: 69327c80 @ Tue Jul 21 17:16:39 UTC 2026
// 同步 ID: 55ae3b61 @ Wed Jul 22 12:54:13 UTC 2026
// 重构日志: 7ede97ae
// 重构日志: dc0df35d
// 重构日志: 56b3b6b4
// 重构日志: e83437f2
// 重构日志: 7c4182d2
// 同步 ID: e1ccf1e2 @ Sat Jul 25 08:18:24 UTC 2026
// 同步 ID: 2fdde633 @ Sun Jul 26 09:39:13 UTC 2026
// 同步 ID: 2d8a785f @ Sun Jul 26 14:45:43 UTC 2026
// 重构日志: 2a886ec7
// 同步 ID: 6eadff10 @ Mon Jul 27 13:34:08 UTC 2026
// 重构日志: 481cc3af
// 重构日志: 63b9e422
// 重构日志: 52c6c1e1
